
> @aicore/logger@0.1.0 test C:\Users\Projects\aicore\packages\logger
> jest

corepack : FAIL src/__tests
__/usageLogger.test.ts
At line:1 char:1
+ corepack pnpm -C 
packages/logger test > 
test_output.txt 2>&1
+ ~~~~~~~~~~~~~~~~~~~~~~~~~
~~~~~~~~~~~~~~~~~~~~~~~~~~~
~~~~~~~~
    + CategoryInfo         
     : NotSpecified: (FAI  
  L src/__tests__/usageL   
 ogger.test.ts:String)     
[], RemoteException
    + FullyQualifiedErrorI 
   d : NativeCommandError
 
  ΓùÅ Test suite failed to 
run

    Configuration error:

    Could not locate 
module ./cjs/react-is.devel
opment.js mapped as:
    $1.ts.

    Please check your 
configuration for these 
entries:
    {
      "moduleNameMapper": {
        
"/^(\.{1,2}\/.*)\.js$/": 
"$1.ts"
      },
      "resolver": undefined
    }

      at createNoMappedModu
leFoundError (../../node_mo
dules/.pnpm/jest-resolve@29
.7.0/node_modules/jest-reso
lve/build/resolver.js:759:1
7)
      at 
Object.<anonymous> (../../n
ode_modules/.pnpm/react-is@
18.3.1/node_modules/react-i
s/index.js:6:20)
      at 
Object.<anonymous> (../../n
ode_modules/.pnpm/pretty-fo
rmat@29.7.0/node_modules/pr
etty-format/build/plugins/R
eactElement.js:7:39)
      at 
Object.<anonymous> (../../n
ode_modules/.pnpm/pretty-fo
rmat@29.7.0/node_modules/pr
etty-format/build/index.js:
17:44)
      at 
Object.<anonymous> (../../n
ode_modules/.pnpm/expect@29
.7.0/node_modules/expect/bu
ild/index.js:14:44)
      at _expect (../../nod
e_modules/.pnpm/@jest+expec
t@29.7.0/node_modules/@jest
/expect/build/index.js:8:16
)
      at createJestExpect (
../../node_modules/.pnpm/@j
est+expect@29.7.0/node_modu
les/@jest/expect/build/inde
x.js:29:3)
      at 
Object.<anonymous> (../../n
ode_modules/.pnpm/@jest+exp
ect@29.7.0/node_modules/@je
st/expect/build/index.js:39
:20)

Test Suites: 1 failed, 1 
total
Tests:       0 total
Snapshots:   0 total
Time:        0.479 s
Ran all test suites.
ΓÇëELIFECYCLEΓÇë Test failed. See above for more details.
